// Jest Snapshot v1, https://goo.gl/fbAQLP

exports[`ControlBar ControlBar Page should render App 1`] = `undefined`;
