// Jest Snapshot v1, https://goo.gl/fbAQLP

exports[`ProgressBar ProgressBar Page should render App 1`] = `undefined`;
