// Jest Snapshot v1, https://goo.gl/fbAQLP

exports[`LoadComponent LoadComponent Page should render LoadComponent 1`] = `undefined`;
