// Jest Snapshot v1, https://goo.gl/fbAQLP

exports[`ProgressComponent ProgressComponent Page should render ProgressComponent 1`] = `undefined`;
