// Jest Snapshot v1, https://goo.gl/fbAQLP

exports[`Header Header Page should render Header 1`] = `undefined`;
